{
  "user_name": "magavel",
  "passward": "test"
}